------------------------------------------------------------
TimeQuest Timing Analyzer Summary
------------------------------------------------------------

Type  : Slow 1200mV 85C Model Setup 'clk'
Slack : -6.767
TNS   : -3287.590

Type  : Slow 1200mV 85C Model Setup 'clkBCD'
Slack : -3.977
TNS   : -139.745

Type  : Slow 1200mV 85C Model Hold 'clk'
Slack : 0.292
TNS   : 0.000

Type  : Slow 1200mV 85C Model Hold 'clkBCD'
Slack : 0.324
TNS   : 0.000

Type  : Slow 1200mV 85C Model Minimum Pulse Width 'clk'
Slack : -3.000
TNS   : -1297.088

Type  : Slow 1200mV 85C Model Minimum Pulse Width 'clkBCD'
Slack : -3.000
TNS   : -54.000

Type  : Slow 1200mV 0C Model Setup 'clk'
Slack : -5.983
TNS   : -2902.568

Type  : Slow 1200mV 0C Model Setup 'clkBCD'
Slack : -3.450
TNS   : -120.182

Type  : Slow 1200mV 0C Model Hold 'clkBCD'
Slack : 0.281
TNS   : 0.000

Type  : Slow 1200mV 0C Model Hold 'clk'
Slack : 0.287
TNS   : 0.000

Type  : Slow 1200mV 0C Model Minimum Pulse Width 'clk'
Slack : -3.000
TNS   : -1297.088

Type  : Slow 1200mV 0C Model Minimum Pulse Width 'clkBCD'
Slack : -3.000
TNS   : -54.000

Type  : Fast 1200mV 0C Model Setup 'clk'
Slack : -3.596
TNS   : -1641.039

Type  : Fast 1200mV 0C Model Setup 'clkBCD'
Slack : -1.875
TNS   : -59.639

Type  : Fast 1200mV 0C Model Hold 'clk'
Slack : 0.135
TNS   : 0.000

Type  : Fast 1200mV 0C Model Hold 'clkBCD'
Slack : 0.174
TNS   : 0.000

Type  : Fast 1200mV 0C Model Minimum Pulse Width 'clk'
Slack : -3.000
TNS   : -769.565

Type  : Fast 1200mV 0C Model Minimum Pulse Width 'clkBCD'
Slack : -3.000
TNS   : -57.064

------------------------------------------------------------
